// Jest Snapshot v1, https://goo.gl/fbAQLP

exports[`Dashboard component test should match snapshot 1`] = `ReactWrapper {}`;
