// Jest Snapshot v1, https://goo.gl/fbAQLP

exports[`App component test should match snapshot 1`] = `ReactWrapper {}`;
