// Jest Snapshot v1, https://goo.gl/fbAQLP

exports[`Home component test should match snapshot 1`] = `ReactWrapper {}`;
