// Jest Snapshot v1, https://goo.gl/fbAQLP

exports[`Modal Components should match snapshot 1`] = `ShallowWrapper {}`;
